// Vitest Snapshot v1

exports[`Reset test cases: > should render correctly 1`] = `
<DocumentFragment>
  <button
    class="css-mdm7pv"
  >
    ğŸ™‚
  </button>
</DocumentFragment>
`;
