// Vitest Snapshot v1

exports[`Counter test cases: > should render correctly 1`] = `
<DocumentFragment>
  <div
    class="css-kj9346"
  >
    20
  </div>
</DocumentFragment>
`;
